2025-02-18 19:34:21 [INFO] InternetChecker start.
2025-02-18 19:34:21 [INFO] Preloader started
2025-02-18 19:34:21 [INFO] Application start: Main class loaded.
2025-02-18 19:34:23 [INFO] Preloader launched.
2025-02-18 19:34:23 [INFO] Application start successful.
2025-02-18 19:34:34 [INFO] The client info submit successful.
2025-02-18 19:34:35 [INFO] The main stage openned.
2025-02-18 19:34:37 [INFO] The tutorials window start.
2025-02-18 19:34:39 [INFO] The ad downloaded from server successful.
2025-02-18 19:34:42 [INFO] The delete account request openned.
2025-02-18 19:36:43 [INFO] The delete account request openned.
2025-02-18 19:37:04 [INFO] The delete account request openned.
2025-02-18 19:37:50 [INFO] The delete account request openned.
2025-02-18 19:38:37 [INFO] The delete account request openned.
2025-02-18 19:39:26 [INFO] The delete account request openned.
2025-02-18 19:40:08 [INFO] The delete account request openned.
2025-02-18 19:42:28 [INFO] The delete account request openned.
2025-02-18 19:42:57 [INFO] The delete account request openned.
2025-02-18 19:43:18 [INFO] The delete account request openned.
2025-02-18 19:43:37 [INFO] The delete account request openned.
2025-02-18 19:44:01 [INFO] The delete account request openned.
2025-02-18 19:45:18 [INFO] The delete account request openned.
2025-02-18 19:45:40 [INFO] The delete account request openned.
2025-02-18 19:52:06 [WARNING] Connection Error: www.aparat.com
2025-02-18 19:52:06 [INFO] The network connection lost.
